  Determining projects to restore...
C:\web_hotel\backend\backend.csproj : warning NU1903: Package 'AutoMapper' 12.0.1 has a known high severity vulnerability, https://github.com/advisories/GHSA-rvv3-g6hj-g44x
  All projects are up-to-date for restore.
C:\web_hotel\backend\backend.csproj : warning NU1903: Package 'AutoMapper' 12.0.1 has a known high severity vulnerability, https://github.com/advisories/GHSA-rvv3-g6hj-g44x
C:\web_hotel\backend\Migrations\20260508233055_hotel.cs(9,26): warning CS8981: The type name 'hotel' only contains lower-cased ascii characters. Such names may become reserved for the language. [C:\web_hotel\backend\backend.csproj]
C:\web_hotel\backend\Migrations\20260508233055_hotel.Designer.cs(16,19): warning CS8981: The type name 'hotel' only contains lower-cased ascii characters. Such names may become reserved for the language. [C:\web_hotel\backend\backend.csproj]
C:\web_hotel\backend\Migrations\20260513035636_bookingtimer.cs(9,26): warning CS8981: The type name 'bookingtimer' only contains lower-cased ascii characters. Such names may become reserved for the language. [C:\web_hotel\backend\backend.csproj]
C:\web_hotel\backend\Migrations\20260513035636_bookingtimer.Designer.cs(16,19): warning CS8981: The type name 'bookingtimer' only contains lower-cased ascii characters. Such names may become reserved for the language. [C:\web_hotel\backend\backend.csproj]
C:\web_hotel\backend\Controllers\VouchersController.cs(619,35): warning CS8602: Dereference of a possibly null reference. [C:\web_hotel\backend\backend.csproj]
C:\web_hotel\backend\Controllers\ServiceCategoriesController.cs(25,20): warning CS8601: Possible null reference assignment. [C:\web_hotel\backend\backend.csproj]
C:\web_hotel\backend\Controllers\PublicServicesController.cs(42,128): warning CS8629: Nullable value type may be null. [C:\web_hotel\backend\backend.csproj]
C:\web_hotel\backend\Data\Interceptors\AuditSaveChangesInterceptor.cs(103,33): warning CS8600: Converting null literal or possible null value to non-nullable type. [C:\web_hotel\backend\backend.csproj]
C:\web_hotel\backend\Controllers\PublicServicesController.cs(57,28): warning CS8601: Possible null reference assignment. [C:\web_hotel\backend\backend.csproj]
C:\web_hotel\backend\Services\AuditLogViewService.cs(238,30): warning CS8601: Possible null reference assignment. [C:\web_hotel\backend\backend.csproj]
C:\web_hotel\backend\Controllers\ArticlesController.cs(684,120): warning CS8629: Nullable value type may be null. [C:\web_hotel\backend\backend.csproj]
C:\web_hotel\backend\Controllers\ArticlesController.cs(715,130): warning CS8629: Nullable value type may be null. [C:\web_hotel\backend\backend.csproj]
C:\web_hotel\backend\Controllers\UserReviewsController.cs(54,46): warning CS8602: Dereference of a possibly null reference. [C:\web_hotel\backend\backend.csproj]
C:\web_hotel\backend\Services\RoleDashboardPeriodService.cs(244,71): error CS1061: 'User' does not contain a definition for 'CreatedAt' and no accessible extension method 'CreatedAt' accepting a first argument of type 'User' could be found (are you missing a using directive or an assembly reference?) [C:\web_hotel\backend\backend.csproj]
C:\web_hotel\backend\Services\RoleDashboardPeriodService.cs(244,95): error CS1061: 'User' does not contain a definition for 'CreatedAt' and no accessible extension method 'CreatedAt' accepting a first argument of type 'User' could be found (are you missing a using directive or an assembly reference?) [C:\web_hotel\backend\backend.csproj]
C:\web_hotel\backend\Services\RoleDashboardPeriodService.cs(244,125): error CS1061: 'User' does not contain a definition for 'CreatedAt' and no accessible extension method 'CreatedAt' accepting a first argument of type 'User' could be found (are you missing a using directive or an assembly reference?) [C:\web_hotel\backend\backend.csproj]
C:\web_hotel\backend\Services\RoleDashboardPeriodService.cs(248,25): error CS0019: Operator '>=' cannot be applied to operands of type 'DateTime' and 'DateOnly' [C:\web_hotel\backend\backend.csproj]
C:\web_hotel\backend\Services\RoleDashboardPeriodService.cs(248,70): error CS0019: Operator '<=' cannot be applied to operands of type 'DateTime' and 'DateOnly' [C:\web_hotel\backend\backend.csproj]
C:\web_hotel\backend\Services\RoleDashboardPeriodService.cs(276,37): error CS1061: 'DateTime' does not contain a definition for 'HasValue' and no accessible extension method 'HasValue' accepting a first argument of type 'DateTime' could be found (are you missing a using directive or an assembly reference?) [C:\web_hotel\backend\backend.csproj]
C:\web_hotel\backend\Services\RoleDashboardPeriodService.cs(276,61): error CS1061: 'DateTime' does not contain a definition for 'Value' and no accessible extension method 'Value' accepting a first argument of type 'DateTime' could be found (are you missing a using directive or an assembly reference?) [C:\web_hotel\backend\backend.csproj]
C:\web_hotel\backend\Services\RoleDashboardPeriodService.cs(276,91): error CS1061: 'DateTime' does not contain a definition for 'Value' and no accessible extension method 'Value' accepting a first argument of type 'DateTime' could be found (are you missing a using directive or an assembly reference?) [C:\web_hotel\backend\backend.csproj]
C:\web_hotel\backend\Services\RoleDashboardPeriodService.cs(288,72): error CS1061: 'BookingDetail' does not contain a definition for 'ActualCheckIn' and no accessible extension method 'ActualCheckIn' accepting a first argument of type 'BookingDetail' could be found (are you missing a using directive or an assembly reference?) [C:\web_hotel\backend\backend.csproj]
C:\web_hotel\backend\Services\RoleDashboardPeriodService.cs(288,100): error CS1061: 'BookingDetail' does not contain a definition for 'ActualCheckIn' and no accessible extension method 'ActualCheckIn' accepting a first argument of type 'BookingDetail' could be found (are you missing a using directive or an assembly reference?) [C:\web_hotel\backend\backend.csproj]
C:\web_hotel\backend\Services\RoleDashboardPeriodService.cs(288,134): error CS1061: 'BookingDetail' does not contain a definition for 'ActualCheckIn' and no accessible extension method 'ActualCheckIn' accepting a first argument of type 'BookingDetail' could be found (are you missing a using directive or an assembly reference?) [C:\web_hotel\backend\backend.csproj]
C:\web_hotel\backend\Services\RoleDashboardPeriodService.cs(289,73): error CS1061: 'BookingDetail' does not contain a definition for 'ActualCheckOut' and no accessible extension method 'ActualCheckOut' accepting a first argument of type 'BookingDetail' could be found (are you missing a using directive or an assembly reference?) [C:\web_hotel\backend\backend.csproj]
C:\web_hotel\backend\Services\RoleDashboardPeriodService.cs(289,102): error CS1061: 'BookingDetail' does not contain a definition for 'ActualCheckOut' and no accessible extension method 'ActualCheckOut' accepting a first argument of type 'BookingDetail' could be found (are you missing a using directive or an assembly reference?) [C:\web_hotel\backend\backend.csproj]
C:\web_hotel\backend\Services\RoleDashboardPeriodService.cs(289,137): error CS1061: 'BookingDetail' does not contain a definition for 'ActualCheckOut' and no accessible extension method 'ActualCheckOut' accepting a first argument of type 'BookingDetail' could be found (are you missing a using directive or an assembly reference?) [C:\web_hotel\backend\backend.csproj]
C:\web_hotel\backend\Mappers\AutoMapperProfile.cs(117,100): warning CS8629: Nullable value type may be null. [C:\web_hotel\backend\backend.csproj]
C:\web_hotel\backend\Mappers\AutoMapperProfile.cs(121,96): warning CS8629: Nullable value type may be null. [C:\web_hotel\backend\backend.csproj]
C:\web_hotel\backend\Mappers\AutoMapperProfile.cs(125,102): warning CS8629: Nullable value type may be null. [C:\web_hotel\backend\backend.csproj]
C:\web_hotel\backend\Mappers\AutoMapperProfile.cs(129,99): warning CS8629: Nullable value type may be null. [C:\web_hotel\backend\backend.csproj]
C:\web_hotel\backend\Services\RoleDashboardPeriodService.cs(685,75): error CS1061: 'DateTime' does not contain a definition for 'ToDateTime' and no accessible extension method 'ToDateTime' accepting a first argument of type 'DateTime' could be found (are you missing a using directive or an assembly reference?) [C:\web_hotel\backend\backend.csproj]
C:\web_hotel\backend\Services\RoleDashboardPeriodService.cs(690,31): error CS1061: 'AuditLog' does not contain a definition for 'RoleName' and no accessible extension method 'RoleName' accepting a first argument of type 'AuditLog' could be found (are you missing a using directive or an assembly reference?) [C:\web_hotel\backend\backend.csproj]
C:\web_hotel\backend\Services\RoleDashboardPeriodService.cs(688,25): error CS1503: Argument 1: cannot convert from 'int?' to 'int' [C:\web_hotel\backend\backend.csproj]

Build FAILED.

C:\web_hotel\backend\backend.csproj : warning NU1903: Package 'AutoMapper' 12.0.1 has a known high severity vulnerability, https://github.com/advisories/GHSA-rvv3-g6hj-g44x
C:\web_hotel\backend\backend.csproj : warning NU1903: Package 'AutoMapper' 12.0.1 has a known high severity vulnerability, https://github.com/advisories/GHSA-rvv3-g6hj-g44x
C:\web_hotel\backend\Migrations\20260508233055_hotel.cs(9,26): warning CS8981: The type name 'hotel' only contains lower-cased ascii characters. Such names may become reserved for the language. [C:\web_hotel\backend\backend.csproj]
C:\web_hotel\backend\Migrations\20260508233055_hotel.Designer.cs(16,19): warning CS8981: The type name 'hotel' only contains lower-cased ascii characters. Such names may become reserved for the language. [C:\web_hotel\backend\backend.csproj]
C:\web_hotel\backend\Migrations\20260513035636_bookingtimer.cs(9,26): warning CS8981: The type name 'bookingtimer' only contains lower-cased ascii characters. Such names may become reserved for the language. [C:\web_hotel\backend\backend.csproj]
C:\web_hotel\backend\Migrations\20260513035636_bookingtimer.Designer.cs(16,19): warning CS8981: The type name 'bookingtimer' only contains lower-cased ascii characters. Such names may become reserved for the language. [C:\web_hotel\backend\backend.csproj]
C:\web_hotel\backend\Controllers\VouchersController.cs(619,35): warning CS8602: Dereference of a possibly null reference. [C:\web_hotel\backend\backend.csproj]
C:\web_hotel\backend\Controllers\ServiceCategoriesController.cs(25,20): warning CS8601: Possible null reference assignment. [C:\web_hotel\backend\backend.csproj]
C:\web_hotel\backend\Controllers\PublicServicesController.cs(42,128): warning CS8629: Nullable value type may be null. [C:\web_hotel\backend\backend.csproj]
C:\web_hotel\backend\Data\Interceptors\AuditSaveChangesInterceptor.cs(103,33): warning CS8600: Converting null literal or possible null value to non-nullable type. [C:\web_hotel\backend\backend.csproj]
C:\web_hotel\backend\Controllers\PublicServicesController.cs(57,28): warning CS8601: Possible null reference assignment. [C:\web_hotel\backend\backend.csproj]
C:\web_hotel\backend\Services\AuditLogViewService.cs(238,30): warning CS8601: Possible null reference assignment. [C:\web_hotel\backend\backend.csproj]
C:\web_hotel\backend\Controllers\ArticlesController.cs(684,120): warning CS8629: Nullable value type may be null. [C:\web_hotel\backend\backend.csproj]
C:\web_hotel\backend\Controllers\ArticlesController.cs(715,130): warning CS8629: Nullable value type may be null. [C:\web_hotel\backend\backend.csproj]
C:\web_hotel\backend\Controllers\UserReviewsController.cs(54,46): warning CS8602: Dereference of a possibly null reference. [C:\web_hotel\backend\backend.csproj]
C:\web_hotel\backend\Mappers\AutoMapperProfile.cs(117,100): warning CS8629: Nullable value type may be null. [C:\web_hotel\backend\backend.csproj]
C:\web_hotel\backend\Mappers\AutoMapperProfile.cs(121,96): warning CS8629: Nullable value type may be null. [C:\web_hotel\backend\backend.csproj]
C:\web_hotel\backend\Mappers\AutoMapperProfile.cs(125,102): warning CS8629: Nullable value type may be null. [C:\web_hotel\backend\backend.csproj]
C:\web_hotel\backend\Mappers\AutoMapperProfile.cs(129,99): warning CS8629: Nullable value type may be null. [C:\web_hotel\backend\backend.csproj]
C:\web_hotel\backend\Services\RoleDashboardPeriodService.cs(244,71): error CS1061: 'User' does not contain a definition for 'CreatedAt' and no accessible extension method 'CreatedAt' accepting a first argument of type 'User' could be found (are you missing a using directive or an assembly reference?) [C:\web_hotel\backend\backend.csproj]
C:\web_hotel\backend\Services\RoleDashboardPeriodService.cs(244,95): error CS1061: 'User' does not contain a definition for 'CreatedAt' and no accessible extension method 'CreatedAt' accepting a first argument of type 'User' could be found (are you missing a using directive or an assembly reference?) [C:\web_hotel\backend\backend.csproj]
C:\web_hotel\backend\Services\RoleDashboardPeriodService.cs(244,125): error CS1061: 'User' does not contain a definition for 'CreatedAt' and no accessible extension method 'CreatedAt' accepting a first argument of type 'User' could be found (are you missing a using directive or an assembly reference?) [C:\web_hotel\backend\backend.csproj]
C:\web_hotel\backend\Services\RoleDashboardPeriodService.cs(248,25): error CS0019: Operator '>=' cannot be applied to operands of type 'DateTime' and 'DateOnly' [C:\web_hotel\backend\backend.csproj]
C:\web_hotel\backend\Services\RoleDashboardPeriodService.cs(248,70): error CS0019: Operator '<=' cannot be applied to operands of type 'DateTime' and 'DateOnly' [C:\web_hotel\backend\backend.csproj]
C:\web_hotel\backend\Services\RoleDashboardPeriodService.cs(276,37): error CS1061: 'DateTime' does not contain a definition for 'HasValue' and no accessible extension method 'HasValue' accepting a first argument of type 'DateTime' could be found (are you missing a using directive or an assembly reference?) [C:\web_hotel\backend\backend.csproj]
C:\web_hotel\backend\Services\RoleDashboardPeriodService.cs(276,61): error CS1061: 'DateTime' does not contain a definition for 'Value' and no accessible extension method 'Value' accepting a first argument of type 'DateTime' could be found (are you missing a using directive or an assembly reference?) [C:\web_hotel\backend\backend.csproj]
C:\web_hotel\backend\Services\RoleDashboardPeriodService.cs(276,91): error CS1061: 'DateTime' does not contain a definition for 'Value' and no accessible extension method 'Value' accepting a first argument of type 'DateTime' could be found (are you missing a using directive or an assembly reference?) [C:\web_hotel\backend\backend.csproj]
C:\web_hotel\backend\Services\RoleDashboardPeriodService.cs(288,72): error CS1061: 'BookingDetail' does not contain a definition for 'ActualCheckIn' and no accessible extension method 'ActualCheckIn' accepting a first argument of type 'BookingDetail' could be found (are you missing a using directive or an assembly reference?) [C:\web_hotel\backend\backend.csproj]
C:\web_hotel\backend\Services\RoleDashboardPeriodService.cs(288,100): error CS1061: 'BookingDetail' does not contain a definition for 'ActualCheckIn' and no accessible extension method 'ActualCheckIn' accepting a first argument of type 'BookingDetail' could be found (are you missing a using directive or an assembly reference?) [C:\web_hotel\backend\backend.csproj]
C:\web_hotel\backend\Services\RoleDashboardPeriodService.cs(288,134): error CS1061: 'BookingDetail' does not contain a definition for 'ActualCheckIn' and no accessible extension method 'ActualCheckIn' accepting a first argument of type 'BookingDetail' could be found (are you missing a using directive or an assembly reference?) [C:\web_hotel\backend\backend.csproj]
C:\web_hotel\backend\Services\RoleDashboardPeriodService.cs(289,73): error CS1061: 'BookingDetail' does not contain a definition for 'ActualCheckOut' and no accessible extension method 'ActualCheckOut' accepting a first argument of type 'BookingDetail' could be found (are you missing a using directive or an assembly reference?) [C:\web_hotel\backend\backend.csproj]
C:\web_hotel\backend\Services\RoleDashboardPeriodService.cs(289,102): error CS1061: 'BookingDetail' does not contain a definition for 'ActualCheckOut' and no accessible extension method 'ActualCheckOut' accepting a first argument of type 'BookingDetail' could be found (are you missing a using directive or an assembly reference?) [C:\web_hotel\backend\backend.csproj]
C:\web_hotel\backend\Services\RoleDashboardPeriodService.cs(289,137): error CS1061: 'BookingDetail' does not contain a definition for 'ActualCheckOut' and no accessible extension method 'ActualCheckOut' accepting a first argument of type 'BookingDetail' could be found (are you missing a using directive or an assembly reference?) [C:\web_hotel\backend\backend.csproj]
C:\web_hotel\backend\Services\RoleDashboardPeriodService.cs(685,75): error CS1061: 'DateTime' does not contain a definition for 'ToDateTime' and no accessible extension method 'ToDateTime' accepting a first argument of type 'DateTime' could be found (are you missing a using directive or an assembly reference?) [C:\web_hotel\backend\backend.csproj]
C:\web_hotel\backend\Services\RoleDashboardPeriodService.cs(690,31): error CS1061: 'AuditLog' does not contain a definition for 'RoleName' and no accessible extension method 'RoleName' accepting a first argument of type 'AuditLog' could be found (are you missing a using directive or an assembly reference?) [C:\web_hotel\backend\backend.csproj]
C:\web_hotel\backend\Services\RoleDashboardPeriodService.cs(688,25): error CS1503: Argument 1: cannot convert from 'int?' to 'int' [C:\web_hotel\backend\backend.csproj]
    19 Warning(s)
    17 Error(s)

Time Elapsed 00:00:11.89
