  Determining projects to restore...
P:\web_hotel\backend\backend.csproj : warning NU1903: Package 'AutoMapper' 12.0.1 has a known high severity vulnerability, https://github.com/advisories/GHSA-rvv3-g6hj-g44x
  All projects are up-to-date for restore.
P:\web_hotel\backend\backend.csproj : warning NU1903: Package 'AutoMapper' 12.0.1 has a known high severity vulnerability, https://github.com/advisories/GHSA-rvv3-g6hj-g44x
C:\Program Files\dotnet\sdk\10.0.201\Microsoft.Common.CurrentVersion.targets(5395,5): warning MSB3026: Could not copy "P:\web_hotel\backend\obj\Debug\net10.0\apphost.exe" to "bin\Debug\net10.0\backend.exe". Beginning retry 1 in 1000ms. The process cannot access the file 'P:\web_hotel\backend\bin\Debug\net10.0\backend.exe' because it is being used by another process. The file is locked by: "backend (60096)" [P:\web_hotel\backend\backend.csproj]
C:\Program Files\dotnet\sdk\10.0.201\Microsoft.Common.CurrentVersion.targets(5395,5): warning MSB3026: Could not copy "P:\web_hotel\backend\obj\Debug\net10.0\apphost.exe" to "bin\Debug\net10.0\backend.exe". Beginning retry 2 in 1000ms. The process cannot access the file 'P:\web_hotel\backend\bin\Debug\net10.0\backend.exe' because it is being used by another process. The file is locked by: "backend (60096)" [P:\web_hotel\backend\backend.csproj]
C:\Program Files\dotnet\sdk\10.0.201\Microsoft.Common.CurrentVersion.targets(5395,5): warning MSB3026: Could not copy "P:\web_hotel\backend\obj\Debug\net10.0\apphost.exe" to "bin\Debug\net10.0\backend.exe". Beginning retry 3 in 1000ms. The process cannot access the file 'P:\web_hotel\backend\bin\Debug\net10.0\backend.exe' because it is being used by another process. The file is locked by: "backend (60096)" [P:\web_hotel\backend\backend.csproj]
C:\Program Files\dotnet\sdk\10.0.201\Microsoft.Common.CurrentVersion.targets(5395,5): warning MSB3026: Could not copy "P:\web_hotel\backend\obj\Debug\net10.0\apphost.exe" to "bin\Debug\net10.0\backend.exe". Beginning retry 4 in 1000ms. The process cannot access the file 'P:\web_hotel\backend\bin\Debug\net10.0\backend.exe' because it is being used by another process. The file is locked by: "backend (60096)" [P:\web_hotel\backend\backend.csproj]
C:\Program Files\dotnet\sdk\10.0.201\Microsoft.Common.CurrentVersion.targets(5395,5): warning MSB3026: Could not copy "P:\web_hotel\backend\obj\Debug\net10.0\apphost.exe" to "bin\Debug\net10.0\backend.exe". Beginning retry 5 in 1000ms. The process cannot access the file 'P:\web_hotel\backend\bin\Debug\net10.0\backend.exe' because it is being used by another process. The file is locked by: "backend (60096)" [P:\web_hotel\backend\backend.csproj]
C:\Program Files\dotnet\sdk\10.0.201\Microsoft.Common.CurrentVersion.targets(5395,5): warning MSB3026: Could not copy "P:\web_hotel\backend\obj\Debug\net10.0\apphost.exe" to "bin\Debug\net10.0\backend.exe". Beginning retry 6 in 1000ms. The process cannot access the file 'P:\web_hotel\backend\bin\Debug\net10.0\backend.exe' because it is being used by another process. The file is locked by: "backend (60096)" [P:\web_hotel\backend\backend.csproj]
C:\Program Files\dotnet\sdk\10.0.201\Microsoft.Common.CurrentVersion.targets(5395,5): warning MSB3026: Could not copy "P:\web_hotel\backend\obj\Debug\net10.0\apphost.exe" to "bin\Debug\net10.0\backend.exe". Beginning retry 7 in 1000ms. The process cannot access the file 'P:\web_hotel\backend\bin\Debug\net10.0\backend.exe' because it is being used by another process. The file is locked by: "backend (60096)" [P:\web_hotel\backend\backend.csproj]
C:\Program Files\dotnet\sdk\10.0.201\Microsoft.Common.CurrentVersion.targets(5395,5): warning MSB3026: Could not copy "P:\web_hotel\backend\obj\Debug\net10.0\apphost.exe" to "bin\Debug\net10.0\backend.exe". Beginning retry 8 in 1000ms. The process cannot access the file 'P:\web_hotel\backend\bin\Debug\net10.0\backend.exe' because it is being used by another process. The file is locked by: "backend (60096)" [P:\web_hotel\backend\backend.csproj]
C:\Program Files\dotnet\sdk\10.0.201\Microsoft.Common.CurrentVersion.targets(5395,5): warning MSB3026: Could not copy "P:\web_hotel\backend\obj\Debug\net10.0\apphost.exe" to "bin\Debug\net10.0\backend.exe". Beginning retry 9 in 1000ms. The process cannot access the file 'P:\web_hotel\backend\bin\Debug\net10.0\backend.exe' because it is being used by another process. The file is locked by: "backend (60096)" [P:\web_hotel\backend\backend.csproj]
C:\Program Files\dotnet\sdk\10.0.201\Microsoft.Common.CurrentVersion.targets(5395,5): warning MSB3026: Could not copy "P:\web_hotel\backend\obj\Debug\net10.0\apphost.exe" to "bin\Debug\net10.0\backend.exe". Beginning retry 10 in 1000ms. The process cannot access the file 'P:\web_hotel\backend\bin\Debug\net10.0\backend.exe' because it is being used by another process. The file is locked by: "backend (60096)" [P:\web_hotel\backend\backend.csproj]
C:\Program Files\dotnet\sdk\10.0.201\Microsoft.Common.CurrentVersion.targets(5395,5): error MSB3027: Could not copy "P:\web_hotel\backend\obj\Debug\net10.0\apphost.exe" to "bin\Debug\net10.0\backend.exe". Exceeded retry count of 10. Failed. The file is locked by: "backend (60096)" [P:\web_hotel\backend\backend.csproj]
C:\Program Files\dotnet\sdk\10.0.201\Microsoft.Common.CurrentVersion.targets(5395,5): error MSB3021: Unable to copy file "P:\web_hotel\backend\obj\Debug\net10.0\apphost.exe" to "bin\Debug\net10.0\backend.exe". The process cannot access the file 'P:\web_hotel\backend\bin\Debug\net10.0\backend.exe' because it is being used by another process. [P:\web_hotel\backend\backend.csproj]

Build FAILED.

P:\web_hotel\backend\backend.csproj : warning NU1903: Package 'AutoMapper' 12.0.1 has a known high severity vulnerability, https://github.com/advisories/GHSA-rvv3-g6hj-g44x
P:\web_hotel\backend\backend.csproj : warning NU1903: Package 'AutoMapper' 12.0.1 has a known high severity vulnerability, https://github.com/advisories/GHSA-rvv3-g6hj-g44x
C:\Program Files\dotnet\sdk\10.0.201\Microsoft.Common.CurrentVersion.targets(5395,5): warning MSB3026: Could not copy "P:\web_hotel\backend\obj\Debug\net10.0\apphost.exe" to "bin\Debug\net10.0\backend.exe". Beginning retry 1 in 1000ms. The process cannot access the file 'P:\web_hotel\backend\bin\Debug\net10.0\backend.exe' because it is being used by another process. The file is locked by: "backend (60096)" [P:\web_hotel\backend\backend.csproj]
C:\Program Files\dotnet\sdk\10.0.201\Microsoft.Common.CurrentVersion.targets(5395,5): warning MSB3026: Could not copy "P:\web_hotel\backend\obj\Debug\net10.0\apphost.exe" to "bin\Debug\net10.0\backend.exe". Beginning retry 2 in 1000ms. The process cannot access the file 'P:\web_hotel\backend\bin\Debug\net10.0\backend.exe' because it is being used by another process. The file is locked by: "backend (60096)" [P:\web_hotel\backend\backend.csproj]
C:\Program Files\dotnet\sdk\10.0.201\Microsoft.Common.CurrentVersion.targets(5395,5): warning MSB3026: Could not copy "P:\web_hotel\backend\obj\Debug\net10.0\apphost.exe" to "bin\Debug\net10.0\backend.exe". Beginning retry 3 in 1000ms. The process cannot access the file 'P:\web_hotel\backend\bin\Debug\net10.0\backend.exe' because it is being used by another process. The file is locked by: "backend (60096)" [P:\web_hotel\backend\backend.csproj]
C:\Program Files\dotnet\sdk\10.0.201\Microsoft.Common.CurrentVersion.targets(5395,5): warning MSB3026: Could not copy "P:\web_hotel\backend\obj\Debug\net10.0\apphost.exe" to "bin\Debug\net10.0\backend.exe". Beginning retry 4 in 1000ms. The process cannot access the file 'P:\web_hotel\backend\bin\Debug\net10.0\backend.exe' because it is being used by another process. The file is locked by: "backend (60096)" [P:\web_hotel\backend\backend.csproj]
C:\Program Files\dotnet\sdk\10.0.201\Microsoft.Common.CurrentVersion.targets(5395,5): warning MSB3026: Could not copy "P:\web_hotel\backend\obj\Debug\net10.0\apphost.exe" to "bin\Debug\net10.0\backend.exe". Beginning retry 5 in 1000ms. The process cannot access the file 'P:\web_hotel\backend\bin\Debug\net10.0\backend.exe' because it is being used by another process. The file is locked by: "backend (60096)" [P:\web_hotel\backend\backend.csproj]
C:\Program Files\dotnet\sdk\10.0.201\Microsoft.Common.CurrentVersion.targets(5395,5): warning MSB3026: Could not copy "P:\web_hotel\backend\obj\Debug\net10.0\apphost.exe" to "bin\Debug\net10.0\backend.exe". Beginning retry 6 in 1000ms. The process cannot access the file 'P:\web_hotel\backend\bin\Debug\net10.0\backend.exe' because it is being used by another process. The file is locked by: "backend (60096)" [P:\web_hotel\backend\backend.csproj]
C:\Program Files\dotnet\sdk\10.0.201\Microsoft.Common.CurrentVersion.targets(5395,5): warning MSB3026: Could not copy "P:\web_hotel\backend\obj\Debug\net10.0\apphost.exe" to "bin\Debug\net10.0\backend.exe". Beginning retry 7 in 1000ms. The process cannot access the file 'P:\web_hotel\backend\bin\Debug\net10.0\backend.exe' because it is being used by another process. The file is locked by: "backend (60096)" [P:\web_hotel\backend\backend.csproj]
C:\Program Files\dotnet\sdk\10.0.201\Microsoft.Common.CurrentVersion.targets(5395,5): warning MSB3026: Could not copy "P:\web_hotel\backend\obj\Debug\net10.0\apphost.exe" to "bin\Debug\net10.0\backend.exe". Beginning retry 8 in 1000ms. The process cannot access the file 'P:\web_hotel\backend\bin\Debug\net10.0\backend.exe' because it is being used by another process. The file is locked by: "backend (60096)" [P:\web_hotel\backend\backend.csproj]
C:\Program Files\dotnet\sdk\10.0.201\Microsoft.Common.CurrentVersion.targets(5395,5): warning MSB3026: Could not copy "P:\web_hotel\backend\obj\Debug\net10.0\apphost.exe" to "bin\Debug\net10.0\backend.exe". Beginning retry 9 in 1000ms. The process cannot access the file 'P:\web_hotel\backend\bin\Debug\net10.0\backend.exe' because it is being used by another process. The file is locked by: "backend (60096)" [P:\web_hotel\backend\backend.csproj]
C:\Program Files\dotnet\sdk\10.0.201\Microsoft.Common.CurrentVersion.targets(5395,5): warning MSB3026: Could not copy "P:\web_hotel\backend\obj\Debug\net10.0\apphost.exe" to "bin\Debug\net10.0\backend.exe". Beginning retry 10 in 1000ms. The process cannot access the file 'P:\web_hotel\backend\bin\Debug\net10.0\backend.exe' because it is being used by another process. The file is locked by: "backend (60096)" [P:\web_hotel\backend\backend.csproj]
C:\Program Files\dotnet\sdk\10.0.201\Microsoft.Common.CurrentVersion.targets(5395,5): error MSB3027: Could not copy "P:\web_hotel\backend\obj\Debug\net10.0\apphost.exe" to "bin\Debug\net10.0\backend.exe". Exceeded retry count of 10. Failed. The file is locked by: "backend (60096)" [P:\web_hotel\backend\backend.csproj]
C:\Program Files\dotnet\sdk\10.0.201\Microsoft.Common.CurrentVersion.targets(5395,5): error MSB3021: Unable to copy file "P:\web_hotel\backend\obj\Debug\net10.0\apphost.exe" to "bin\Debug\net10.0\backend.exe". The process cannot access the file 'P:\web_hotel\backend\bin\Debug\net10.0\backend.exe' because it is being used by another process. [P:\web_hotel\backend\backend.csproj]
    12 Warning(s)
    2 Error(s)

Time Elapsed 00:00:14.34
